This is Ginkgo 1.7.0 (develop)
    running with core module 1.7.0 (develop)
Running on reference(0)
Running with 2 warm iterations and 10 running iterations
The random seed for right hand sides is 42
The operations are copy,axpy,scal
Running test case
{
    "n": 100,
    "blas": {}
}
Current state:
[
    {
        "n": 100,
        "blas": {
            "copy": {
                "time": 1.0,
                "flops": 1.0,
                "bandwidth": 1.0,
                "repetitions": 10,
                "completed": true
            }
        }
    }
]
Current state:
[
    {
        "n": 100,
        "blas": {
            "copy": {
                "time": 1.0,
                "flops": 1.0,
                "bandwidth": 1.0,
                "repetitions": 10,
                "completed": true
            },
            "axpy": {
                "time": 1.0,
                "flops": 1.0,
                "bandwidth": 1.0,
                "repetitions": 10,
                "completed": true
            }
        }
    }
]
Current state:
[
    {
        "n": 100,
        "blas": {
            "copy": {
                "time": 1.0,
                "flops": 1.0,
                "bandwidth": 1.0,
                "repetitions": 10,
                "completed": true
            },
            "axpy": {
                "time": 1.0,
                "flops": 1.0,
                "bandwidth": 1.0,
                "repetitions": 10,
                "completed": true
            },
            "scal": {
                "time": 1.0,
                "flops": 1.0,
                "bandwidth": 1.0,
                "repetitions": 10,
                "completed": true
            }
        }
    }
]
