Running on reference(0)
Running with 2 warm iterations and 10 running iterations
The random seed for right hand sides is 42
The formats are coo,csr,ell,sellp,hybrid
Running test case stencil(100, 7pt)
Matrix is of size (125, 125), 725
	Running conversion: coo-read
	Running conversion: coo-csr
	Running conversion: csr-read
	Running conversion: csr-coo
	Running conversion: csr-ell
	Running conversion: csr-sellp
	Running conversion: csr-hybrid
	Running conversion: ell-read
	Running conversion: ell-csr
	Running conversion: sellp-read
	Running conversion: sellp-csr
	Running conversion: hybrid-read
	Running conversion: hybrid-csr
