
[
    {
        "size": 125,
        "stencil": "7pt",
        "conversions": {
            "coo-csr": {
                "time": 1.0,
                "repetitions": 1,
                "completed": true
            },
            "csr-coo": {
                "time": 1.0,
                "repetitions": 1,
                "completed": true
            }
        }
    }
]
