Running test case <filename>
Matrix is of size (36, 36), 208
