Running test case stencil(100, 7pt)
Matrix is of size (125, 125), 725
