Running on reference(0)
Running with 2 warm iterations and 10 running iterations
The random seed for right hand sides is 42
Running with preconditioners: none
Running test case stencil(100, 7pt)
Matrix is of size (125, 125), 725
	Running preconditioner: none
