Running on reference(0)
Running with 0 warm iterations and 1 running iterations
The random seed for right hand sides is 42
Running with preconditioners: none
Running test case stencil(100, 7pt)
DEBUG: begin components::fill_array
DEBUG: end   components::fill_array
DEBUG: begin components::aos_to_soa
DEBUG: end   components::aos_to_soa
DEBUG: begin components::convert_idxs_to_ptrs
DEBUG: end   components::convert_idxs_to_ptrs
DEBUG: begin components::aos_to_soa
DEBUG: end   components::aos_to_soa
DEBUG: begin dense::fill
DEBUG: end   dense::fill
DEBUG: begin dense::fill_in_matrix_data
DEBUG: end   dense::fill_in_matrix_data
DEBUG: begin components::aos_to_soa
DEBUG: end   components::aos_to_soa
DEBUG: begin dense::fill
DEBUG: end   dense::fill
DEBUG: begin dense::fill_in_matrix_data
DEBUG: end   dense::fill_in_matrix_data
Matrix is of size (125, 125), 725
DEBUG: begin stencil(100, 7pt)
	Running preconditioner: none
DEBUG: begin none
DEBUG: begin copy(<typename>)
DEBUG: begin dense::copy
DEBUG: end   dense::copy
DEBUG: end   copy(<typename>)
DEBUG: begin repetition generate
DEBUG: begin generate(<typename>)
DEBUG: end   generate(<typename>)
DEBUG: end   repetition generate
DEBUG: begin repetition apply
DEBUG: begin apply(<typename>)
DEBUG: begin copy(<typename>)
DEBUG: begin dense::copy
DEBUG: end   dense::copy
DEBUG: end   copy(<typename>)
DEBUG: end   apply(<typename>)
DEBUG: end   repetition apply
DEBUG: end   none
DEBUG: end   stencil(100, 7pt)
