[
    {
        "size": 100,
        "stencil": "7pt",
        "preconditioner": {
            "jacobi-32-0,0": {
                "generate": {
                    "components": {
                        "generate(<typename>)": 1.0,
                        "allocate": 1.0,
                        "jacobi::find_blocks": 1.0,
                        "jacobi::generate": 1.0,
                        "free": 1.0,
                        "overhead": 1.0
                    },
                    "time": 1.0,
                    "repetitions": 10
                },
                "apply": {
                    "components": {
                        "apply(<typename>)": 1.0,
                        "jacobi::simple_apply": 1.0,
                        "overhead": 1.0
                    },
                    "time": 1.0,
                    "repetitions": 10
                },
                "completed": true
            }
        },
        "rows": 125,
        "cols": 125,
        "nonzeros": 725
    }
]
