[
    {
        "size": 100,
        "stencil": "7pt",
        "preconditioner": {
            "none": {
                "generate": {
                    "components": {
                        "generate(<typename>)": 1.0,
                        "overhead": 1.0
                    },
                    "time": 1.0,
                    "repetitions": 10
                },
                "apply": {
                    "components": {
                        "apply(<typename>)": 1.0,
                        "copy(<typename>)": 1.0,
                        "dense::copy": 1.0,
                        "overhead": 1.0
                    },
                    "time": 1.0,
                    "repetitions": 10
                },
                "completed": true
            }
        },
        "rows": 125,
        "cols": 125,
        "nonzeros": 725
    }
]
