Running on reference(0)
Running with 2 warm iterations and 1 running iterations
The random seed for right hand sides is 42
Running cg with 1000 iterations and residual goal of 1.000000e-06
The number of right hand sides is 1
Running test case stencil(100, 7pt)
Matrix is of size (125, 125)
	Running solver: cg
