[
    {
        "size": 100,
        "stencil": "7pt",
        "sparse_blas": {
            "transpose": {
                "time": 1.0,
                "flops": 1.0,
                "bandwidth": 1.0,
                "repetitions": 10,
                "components": {
                    "allocate": 1.0,
                    "components::fill_array": 1.0,
                    "csr::transpose": 1.0,
                    "free": 1.0,
                    "overhead": 1.0
                },
                "completed": true
            }
        },
        "rows": 125,
        "cols": 125,
        "nonzeros": 725
    }
]
