Running on reference(0)
Running with 0 warm iterations and 1 running iterations
The random seed for right hand sides is 42
The formats are [csr]x[csr]
The number of right hand sides is 1
Running test case stencil(100, 7pt, stencil)
DEBUG: begin partition::build_ranges_from_global_size
DEBUG: end   partition::build_ranges_from_global_size
DEBUG: begin components::fill_array
DEBUG: end   components::fill_array
DEBUG: begin components::fill_array
DEBUG: end   components::fill_array
DEBUG: begin components::fill_array
DEBUG: end   components::fill_array
DEBUG: begin components::fill_array
DEBUG: end   components::fill_array
DEBUG: begin partition::build_from_contiguous
DEBUG: end   partition::build_from_contiguous
DEBUG: begin partition::build_starting_indices
DEBUG: end   partition::build_starting_indices
DEBUG: begin copy
DEBUG: end   copy
DEBUG: begin copy
DEBUG: end   copy
DEBUG: begin components::aos_to_soa
DEBUG: end   components::aos_to_soa
DEBUG: begin dense::fill
DEBUG: end   dense::fill
DEBUG: begin dense::fill_in_matrix_data
DEBUG: end   dense::fill_in_matrix_data
DEBUG: begin partition::build_ranges_from_global_size
DEBUG: end   partition::build_ranges_from_global_size
DEBUG: begin components::fill_array
DEBUG: end   components::fill_array
DEBUG: begin components::fill_array
DEBUG: end   components::fill_array
DEBUG: begin components::fill_array
DEBUG: end   components::fill_array
DEBUG: begin components::fill_array
DEBUG: end   components::fill_array
DEBUG: begin partition::build_from_contiguous
DEBUG: end   partition::build_from_contiguous
DEBUG: begin partition::build_starting_indices
DEBUG: end   partition::build_starting_indices
DEBUG: begin copy
DEBUG: end   copy
DEBUG: begin copy
DEBUG: end   copy
DEBUG: begin components::aos_to_soa
DEBUG: end   components::aos_to_soa
DEBUG: begin dense::fill
DEBUG: end   dense::fill
DEBUG: begin dense::fill_in_matrix_data
DEBUG: end   dense::fill_in_matrix_data
Matrix is of size (81, 81), 144
DEBUG: begin stencil(100, 7pt, stencil)
	Running spmv: csr-csr
DEBUG: begin csr-csr
DEBUG: begin partition::build_ranges_from_global_size
DEBUG: end   partition::build_ranges_from_global_size
DEBUG: begin components::fill_array
DEBUG: end   components::fill_array
DEBUG: begin components::fill_array
DEBUG: end   components::fill_array
DEBUG: begin components::fill_array
DEBUG: end   components::fill_array
DEBUG: begin components::fill_array
DEBUG: end   components::fill_array
DEBUG: begin partition::build_from_contiguous
DEBUG: end   partition::build_from_contiguous
DEBUG: begin partition::build_starting_indices
DEBUG: end   partition::build_starting_indices
DEBUG: begin copy
DEBUG: end   copy
DEBUG: begin components::fill_array
DEBUG: end   components::fill_array
DEBUG: begin components::fill_array
DEBUG: end   components::fill_array
DEBUG: begin components::fill_array
DEBUG: end   components::fill_array
DEBUG: begin copy(<typename>)
DEBUG: begin copy
DEBUG: end   copy
DEBUG: begin copy
DEBUG: end   copy
DEBUG: begin copy
DEBUG: end   copy
DEBUG: begin copy
DEBUG: end   copy
DEBUG: end   copy(<typename>)
DEBUG: begin components::fill_array
DEBUG: end   components::fill_array
DEBUG: begin copy(<typename>)
DEBUG: begin copy
DEBUG: end   copy
DEBUG: begin copy
DEBUG: end   copy
DEBUG: begin copy
DEBUG: end   copy
DEBUG: begin copy
DEBUG: end   copy
DEBUG: end   copy(<typename>)
DEBUG: begin dense::fill
DEBUG: end   dense::fill
DEBUG: begin components::aos_to_soa
DEBUG: end   components::aos_to_soa
DEBUG: begin distributed_matrix::build_local_nonlocal
DEBUG: end   distributed_matrix::build_local_nonlocal
DEBUG: begin copy
DEBUG: end   copy
DEBUG: begin copy
DEBUG: end   copy
DEBUG: begin components::convert_idxs_to_ptrs
DEBUG: end   components::convert_idxs_to_ptrs
DEBUG: begin components::convert_idxs_to_ptrs
DEBUG: end   components::convert_idxs_to_ptrs
DEBUG: begin copy
DEBUG: end   copy
DEBUG: begin copy(<typename>)
DEBUG: begin dense::copy
DEBUG: end   dense::copy
DEBUG: end   copy(<typename>)
DEBUG: begin repetition
DEBUG: begin apply(<typename>)
DEBUG: begin dense::row_gather
DEBUG: end   dense::row_gather
DEBUG: begin apply(<typename>)
DEBUG: begin csr::spmv
DEBUG: end   csr::spmv
DEBUG: end   apply(<typename>)
DEBUG: begin advanced_apply(<typename>)
DEBUG: begin csr::advanced_spmv
DEBUG: end   csr::advanced_spmv
DEBUG: end   advanced_apply(<typename>)
DEBUG: end   apply(<typename>)
DEBUG: end   repetition
DEBUG: end   csr-csr
DEBUG: end   stencil(100, 7pt, stencil)
