Running on reference(0)
Running with 0 warm iterations and 1 running iterations
The random seed for right hand sides is 42
The formats are coo
The number of right hand sides is 1
Running test case stencil(100, 7pt)
DEBUG: begin components::aos_to_soa
DEBUG: end   components::aos_to_soa
DEBUG: begin dense::fill
DEBUG: end   dense::fill
DEBUG: begin dense::fill_in_matrix_data
DEBUG: end   dense::fill_in_matrix_data
DEBUG: begin components::aos_to_soa
DEBUG: end   components::aos_to_soa
DEBUG: begin dense::fill
DEBUG: end   dense::fill
DEBUG: begin dense::fill_in_matrix_data
DEBUG: end   dense::fill_in_matrix_data
Matrix is of size (125, 125), 725
DEBUG: begin stencil(100, 7pt)
	Running spmv: coo
DEBUG: begin coo
DEBUG: begin components::aos_to_soa
DEBUG: end   components::aos_to_soa
DEBUG: begin copy(<typename>)
DEBUG: begin dense::copy
DEBUG: end   dense::copy
DEBUG: end   copy(<typename>)
DEBUG: begin repetition
DEBUG: begin apply(<typename>)
DEBUG: begin coo::spmv
DEBUG: end   coo::spmv
DEBUG: end   apply(<typename>)
DEBUG: end   repetition
DEBUG: end   coo
DEBUG: end   stencil(100, 7pt)
