[
    {
        "size": 100,
        "stencil": "7pt",
        "spmv": {
            "coo": {
                "storage": 17400,
                "max_relative_norm2": 1.0,
                "time": 1.0,
                "repetitions": 10,
                "completed": true
            }
        },
        "rows": 125,
        "cols": 125,
        "nonzeros": 725,
        "optimal": {
            "spmv": "coo"
        }
    }
]
